\BOOKMARK [1][-]{section.1}{\376\377\000I\000n\000t\000r\000o\000d\000u\000c\000t\000i\000o\000n}{}% 1
\BOOKMARK [2][-]{subsection.1.1}{\376\377\000P\000r\000o\000b\000l\000e\000m\000\040\000S\000t\000a\000t\000e\000m\000e\000n\000t}{section.1}% 2
\BOOKMARK [2][-]{subsection.1.2}{\376\377\000D\000a\000t\000a\000s\000e\000t}{section.1}% 3
\BOOKMARK [2][-]{subsection.1.3}{\376\377\000M\000e\000t\000h\000o\000d\000o\000l\000o\000g\000y\000\040\000O\000v\000e\000r\000v\000i\000e\000w}{section.1}% 4
\BOOKMARK [1][-]{section.2}{\376\377\000T\000e\000c\000h\000n\000i\000c\000a\000l\000\040\000I\000m\000p\000l\000e\000m\000e\000n\000t\000a\000t\000i\000o\000n}{}% 5
\BOOKMARK [2][-]{subsection.2.1}{\376\377\000P\000o\000s\000e\000\040\000E\000x\000t\000r\000a\000c\000t\000i\000o\000n}{section.2}% 6
\BOOKMARK [2][-]{subsection.2.2}{\376\377\000F\000e\000a\000t\000u\000r\000e\000\040\000E\000n\000g\000i\000n\000e\000e\000r\000i\000n\000g}{section.2}% 7
\BOOKMARK [3][-]{subsubsection.2.2.1}{\376\377\000V\000e\000r\000s\000i\000o\000n\000\040\0001\000\040\000\050\000B\000a\000s\000e\000l\000i\000n\000e\000\040\000F\000e\000a\000t\000u\000r\000e\000s\000\051}{subsection.2.2}% 8
\BOOKMARK [3][-]{subsubsection.2.2.2}{\376\377\000V\000e\000r\000s\000i\000o\000n\000\040\0002\000\040\000\050\000E\000n\000h\000a\000n\000c\000e\000d\000\040\000w\000i\000t\000h\000\040\000W\000r\000i\000s\000t\000\040\000O\000r\000i\000e\000n\000t\000a\000t\000i\000o\000n\000\051}{subsection.2.2}% 9
\BOOKMARK [2][-]{subsection.2.3}{\376\377\000D\000a\000t\000a\000\040\000S\000p\000l\000i\000t\000t\000i\000n\000g}{section.2}% 10
\BOOKMARK [3][-]{subsubsection.2.3.1}{\376\377\000G\000r\000o\000u\000p\000-\000S\000t\000r\000a\000t\000i\000f\000i\000e\000d\000\040\000S\000p\000l\000i\000t}{subsection.2.3}% 11
\BOOKMARK [3][-]{subsubsection.2.3.2}{\376\377\000P\000a\000d\000d\000i\000n\000g\000\040\000M\000a\000s\000k\000i\000n\000g}{subsection.2.3}% 12
\BOOKMARK [2][-]{subsection.2.4}{\376\377\000M\000o\000d\000e\000l\000\040\000A\000r\000c\000h\000i\000t\000e\000c\000t\000u\000r\000e\000s}{section.2}% 13
\BOOKMARK [3][-]{subsubsection.2.4.1}{\376\377\000B\000a\000s\000e\000l\000i\000n\000e\000\040\000M\000o\000d\000e\000l\000s}{subsection.2.4}% 14
\BOOKMARK [3][-]{subsubsection.2.4.2}{\376\377\000D\000e\000e\000p\000\040\000L\000e\000a\000r\000n\000i\000n\000g\000\040\000M\000o\000d\000e\000l\000s}{subsection.2.4}% 15
\BOOKMARK [1][-]{section.3}{\376\377\000R\000e\000s\000u\000l\000t\000s\000\040\000a\000n\000d\000\040\000A\000n\000a\000l\000y\000s\000i\000s}{}% 16
\BOOKMARK [2][-]{subsection.3.1}{\376\377\000M\000o\000d\000e\000l\000\040\000P\000e\000r\000f\000o\000r\000m\000a\000n\000c\000e}{section.3}% 17
\BOOKMARK [2][-]{subsection.3.2}{\376\377\000C\000o\000h\000e\000n\000'\000s\000\040\000d\000\040\000E\000f\000f\000e\000c\000t\000\040\000S\000i\000z\000e\000\040\000A\000n\000a\000l\000y\000s\000i\000s}{section.3}% 18
\BOOKMARK [3][-]{subsubsection.3.2.1}{\376\377\000O\000v\000e\000r\000a\000l\000l\000\040\000F\000e\000a\000t\000u\000r\000e\000\040\000A\000n\000a\000l\000y\000s\000i\000s}{subsection.3.2}% 19
\BOOKMARK [3][-]{subsubsection.3.2.2}{\376\377\000T\000o\000p\000\040\0001\0000\000\040\000F\000e\000a\000t\000u\000r\000e\000s\000\040\000b\000y\000\040\000E\000f\000f\000e\000c\000t\000\040\000S\000i\000z\000e}{subsection.3.2}% 20
\BOOKMARK [3][-]{subsubsection.3.2.3}{\376\377\000W\000r\000i\000s\000t\000\040\000O\000r\000i\000e\000n\000t\000a\000t\000i\000o\000n\000\040\000F\000e\000a\000t\000u\000r\000e\000s\000\040\000A\000n\000a\000l\000y\000s\000i\000s}{subsection.3.2}% 21
\BOOKMARK [2][-]{subsection.3.3}{\376\377\000V\000i\000s\000u\000a\000l\000i\000z\000a\000t\000i\000o\000n\000\040\000o\000f\000\040\000C\000l\000a\000s\000s\000\040\000O\000v\000e\000r\000l\000a\000p}{section.3}% 22
\BOOKMARK [1][-]{section.4}{\376\377\000D\000i\000s\000c\000u\000s\000s\000i\000o\000n}{}% 23
\BOOKMARK [2][-]{subsection.4.1}{\376\377\000W\000h\000y\000\040\000C\000l\000a\000s\000s\000i\000f\000i\000c\000a\000t\000i\000o\000n\000\040\000F\000a\000i\000l\000e\000d}{section.4}% 24
\BOOKMARK [3][-]{subsubsection.4.1.1}{\376\377\000B\000i\000o\000m\000e\000c\000h\000a\000n\000i\000c\000a\000l\000\040\000A\000n\000a\000l\000y\000s\000i\000s}{subsection.4.1}% 25
\BOOKMARK [3][-]{subsubsection.4.1.2}{\376\377\000W\000h\000a\000t\000\040\000A\000c\000t\000u\000a\000l\000l\000y\000\040\000D\000i\000f\000f\000e\000r\000s\000\040\000\050\000N\000o\000t\000\040\000C\000a\000p\000t\000u\000r\000e\000d\000\051}{subsection.4.1}% 26
\BOOKMARK [2][-]{subsection.4.2}{\376\377\000M\000e\000t\000h\000o\000d\000o\000l\000o\000g\000i\000c\000a\000l\000\040\000C\000o\000n\000t\000r\000i\000b\000u\000t\000i\000o\000n\000s}{section.4}% 27
\BOOKMARK [2][-]{subsection.4.3}{\376\377\000L\000i\000m\000i\000t\000a\000t\000i\000o\000n\000s}{section.4}% 28
\BOOKMARK [3][-]{subsubsection.4.3.1}{\376\377\000D\000a\000t\000a\000s\000e\000t\000\040\000L\000i\000m\000i\000t\000a\000t\000i\000o\000n\000s}{subsection.4.3}% 29
\BOOKMARK [3][-]{subsubsection.4.3.2}{\376\377\000M\000e\000d\000i\000a\000P\000i\000p\000e\000\040\000L\000i\000m\000i\000t\000a\000t\000i\000o\000n\000s}{subsection.4.3}% 30
\BOOKMARK [1][-]{section.5}{\376\377\000R\000e\000c\000o\000m\000m\000e\000n\000d\000a\000t\000i\000o\000n\000s}{}% 31
\BOOKMARK [2][-]{subsection.5.1}{\376\377\000F\000o\000r\000\040\000C\000l\000e\000a\000r\000\040\000v\000s\000\040\000S\000m\000a\000s\000h\000\040\000C\000l\000a\000s\000s\000i\000f\000i\000c\000a\000t\000i\000o\000n}{section.5}% 32
\BOOKMARK [3][-]{subsubsection.5.1.1}{\376\377\000O\000p\000t\000i\000o\000n\000\040\0001\000:\000\040\000A\000d\000d\000\040\000R\000a\000c\000k\000e\000t\000\040\000T\000r\000a\000c\000k\000i\000n\000g}{subsection.5.1}% 33
\BOOKMARK [3][-]{subsubsection.5.1.2}{\376\377\000O\000p\000t\000i\000o\000n\000\040\0002\000:\000\040\000A\000d\000d\000\040\000S\000h\000u\000t\000t\000l\000e\000c\000o\000c\000k\000\040\000T\000r\000a\000c\000k\000i\000n\000g}{subsection.5.1}% 34
\BOOKMARK [3][-]{subsubsection.5.1.3}{\376\377\000O\000p\000t\000i\000o\000n\000\040\0003\000:\000\040\000E\000x\000t\000e\000n\000d\000\040\000T\000e\000m\000p\000o\000r\000a\000l\000\040\000W\000i\000n\000d\000o\000w}{subsection.5.1}% 35
\BOOKMARK [3][-]{subsubsection.5.1.4}{\376\377\000O\000p\000t\000i\000o\000n\000\040\0004\000:\000\040\000M\000u\000l\000t\000i\000-\000M\000o\000d\000a\000l\000\040\000F\000u\000s\000i\000o\000n}{subsection.5.1}% 36
\BOOKMARK [2][-]{subsection.5.2}{\376\377\000A\000l\000t\000e\000r\000n\000a\000t\000i\000v\000e\000\040\000S\000t\000r\000o\000k\000e\000\040\000P\000a\000i\000r\000s\000\040\000\050\000P\000o\000s\000e\000-\000O\000n\000l\000y\000\051}{section.5}% 37
\BOOKMARK [1][-]{section.6}{\376\377\000C\000o\000n\000c\000l\000u\000s\000i\000o\000n}{}% 38
\BOOKMARK [1][-]{appendix.A}{\376\377\000C\000o\000d\000e\000\040\000R\000e\000p\000o\000s\000i\000t\000o\000r\000y\000\040\000S\000t\000r\000u\000c\000t\000u\000r\000e}{}% 39
\BOOKMARK [1][-]{appendix.B}{\376\377\000F\000e\000a\000t\000u\000r\000e\000\040\000L\000i\000s\000t}{}% 40
\BOOKMARK [2][-]{subsection.B.1}{\376\377\000A\000l\000l\000\040\0006\0000\000\040\000S\000e\000q\000u\000e\000n\000c\000e\000\040\000F\000e\000a\000t\000u\000r\000e\000s}{appendix.B}% 41
